// Jest Snapshot v1, https://goo.gl/fbAQLP

exports[`Modal should render correctly in "debug" mode 1`] = `
<styled.div
  className="can-close"
  onClick={[Function]}
  style={
    Object {
      "display": undefined,
    }
  }
>
  <styled.div>
    <styled.div>
      <div>
        Photos
      </div>
    </styled.div>
    <styled.ul>
      <styled.li>
        <styled.div>
          <styled.button>
            Contact agent
          </styled.button>
        </styled.div>
      </styled.li>
      <styled.li>
        <styled.div>
          <i
            className="material-icons icon-light md-18"
          >
            favorite_border
          </i>
          <span>
            Save Home
          </span>
        </styled.div>
      </styled.li>
      <styled.li>
        <styled.div>
          <i
            className="material-icons icon-light md-18"
          >
            email
          </i>
          <span>
            Share
          </span>
        </styled.div>
      </styled.li>
      <styled.li>
        <styled.div
          onClick={[Function]}
        >
          <i
            className="material-icons icon-light md-30"
          >
            close
          </i>
        </styled.div>
      </styled.li>
    </styled.ul>
  </styled.div>
  <styled.button
    className="back"
    onClick={[Function]}
  >
    <i
      className="material-icons md-36 icon-light"
    >
      arrow_back_ios
    </i>
  </styled.button>
  <styled.div>
    <styled.div>
      NaN
       of 
    </styled.div>
    <img
      alt="fullsize version"
      className="imgs"
    />
  </styled.div>
  <styled.button
    className="forward"
    onClick={[Function]}
  >
    <i
      className="material-icons md-36 icon-light"
    >
      arrow_forward_ios
    </i>
  </styled.button>
  <styled.div>
    <styled.div>
      For Sale: $
       (
       beds, 
       baths, 
       sqft)
    </styled.div>
  </styled.div>
</styled.div>
`;
